---
source: crates/spool-cli/tests/cli_snapshots.rs
assertion_line: 61
expression: "snapshot(&[\"tasks\", \"--help\"])"
---
Manage implementation tasks for a change

Track task progress through status, start, complete, and shelve actions.
Tasks are organized in waves for phased implementation.

Examples:
  spool tasks status 005-01_add-auth
  spool tasks next 005-01_add-auth
  spool tasks start 005-01_add-auth 1.1
  spool tasks complete 005-01_add-auth 1.1

Usage: spool tasks [OPTIONS] [COMMAND]

Commands:
  init      Create enhanced tasks.md
  status    Show task progress
  next      Show the next available task
  start     Mark a task in-progress
  complete  Mark a task complete
  shelve    Shelve a task (reversible)
  unshelve  Restore a shelved task to pending
  add       Add a new task (enhanced only)
  show      Print tasks.md

Options:
      --no-color
          Disable color output

      --help-all
          Print the full CLI reference (equivalent to `spool help --all`)

  -h, --help
          Print help (see a summary with '-h')
