---
source: crates/spool-cli/tests/cli_snapshots.rs
assertion_line: 71
expression: "snapshot(&[\"agent\", \"--help\"])"
---
Generate instructions and context for AI coding agents

Produces structured output for AI tools like Claude Code, Codex, or OpenCode.
Includes change proposals, specs, tasks, and implementation guidance.

Examples:
  spool agent instruction bootstrap --tool claude
  spool agent instruction apply --change 005-01_add-auth
  spool agent instruction tasks --change 005-01_add-auth

Usage: spool agent [OPTIONS] [COMMAND]

Commands:
  instruction  Generate enriched instructions

Options:
      --no-color
          Disable color output

      --help-all
          Print the full CLI reference (equivalent to `spool help --all`)

  -h, --help
          Print help (see a summary with '-h')
