---
source: crates/spool-cli/tests/cli_snapshots.rs
expression: "snapshot(&[\"list\", \"--help\"])"
---
List changes, specs, or modules with status summaries

By default lists changes sorted by most recent. Use --specs or --modules
to list other item types. Use --ready to filter to changes ready for
implementation (have proposal, specs, tasks, and pending work).

Examples:
  spool list
  spool list --ready
  spool list --specs
  spool list --modules --json

Usage: spool list [OPTIONS]

Options:
      --no-color
          Disable color output

      --specs
          List specs instead of changes

      --changes
          List changes explicitly (default)

      --help-all
          Print the full CLI reference (equivalent to `spool help --all`)

      --modules
          List modules instead of changes

      --ready
          Filter to changes ready for implementation (has proposal, specs, tasks, and pending work)

      --completed
          Filter to completed changes (all tasks done)

      --sort <SORT>
          Sort order

          [default: recent]
          [possible values: recent, name]

      --json
          Output as JSON

  -h, --help
          Print help (see a summary with '-h')
