---
source: crates/spool-cli/tests/cli_snapshots.rs
assertion_line: 94
expression: "snapshot(&[\"init\", \"--help\"])"
---
Set up Spool in a project

Creates the .spool/ directory structure and optionally configures
AI tool integrations (Claude Code, Codex, OpenCode).

Examples:
  spool init
  spool init --tools claude,codex
  spool init --tools all --force

Usage: spool init [OPTIONS] [PATH]

Arguments:
  [PATH]
          Target directory (defaults to current directory)

Options:
      --no-color
          Disable color output

      --tools <TOOLS>
          Configure AI tools non-interactively (all, none, or comma-separated ids)

  -f, --force
          Overwrite existing tool files without prompting

      --help-all
          Print the full CLI reference (equivalent to `spool help --all`)

      --home <HOME>
          Override HOME used for locating global Spool config (for parity/testing)

  -h, --help
          Print help (see a summary with '-h')
