---
source: crates/spool-cli/tests/cli_snapshots.rs
expression: "snapshot(&[\"--help\"])"
---
AI-native system for spec-driven development

Usage: spool [OPTIONS] [COMMAND]

Commands:
  dashboard       Display an interactive dashboard of specs and changes
  init            Initialize Spool in your project
  update          Update Spool instruction files
  tasks           Track execution tasks for a change
  plan            Project planning tools
  state           View and update planning/STATE.md
  workflow        Manage and run workflows
  list            List items (changes by default). Use --specs or --modules to list other items
  archive         Archive a completed change and update main specs
  config          View and modify global Spool configuration
  create          Create items
  validate        Validate changes, specs, and modules
  show            Show a change or spec
  agent           Commands that generate machine-readable output for AI agents
  ralph           Run iterative AI loop against a change proposal
  loop            Deprecated alias for `ralph`
  split           Split a large change into smaller changes
  status          Display artifact completion status for a change
  completions     Generate shell completion scripts
  help            Display help information
  stats           Show local execution usage stats
  templates       Show resolved template paths for all artifacts in a schema (deprecated)
  x-templates     Show resolved template paths for all artifacts in a schema
  x-schemas       List available workflow schemas with descriptions
  instructions    Agent instruction bootstrap (deprecated)
  x-instructions  Agent instruction bootstrap (experimental)
  agent-config    Agent config

Options:
      --no-color  Disable color output
      --help-all  Print the full CLI reference (equivalent to `spool help --all`)
  -h, --help      Print help
  -V, --version   Print version

Run 'spool help --all' for the complete CLI reference.
